<?xml version="1.0" encoding="utf-8"?><testsuites><testsuite errors="0" failures="0" hostname="LAPTOP-S80MAAOR" name="pytest" skipped="0" tests="4" time="3.519" timestamp="2023-09-03T22:57:20.658377"><testcase classname="tests.api.test_api.TestBatchPipeline" name="test_should_failed_unkown_column_1" time="0.017" /><testcase classname="tests.api.test_api.TestBatchPipeline" name="test_should_failed_unkown_column_2" time="0.006" /><testcase classname="tests.api.test_api.TestBatchPipeline" name="test_should_failed_unkown_column_3" time="0.005" /><testcase classname="tests.api.test_api.TestBatchPipeline" name="test_should_get_predict" time="0.017" /></testsuite></testsuites>